// Jest Snapshot v1, https://goo.gl/fbAQLP

exports[`Select should render correctly 1`] = `
ShallowWrapper {
  Symbol(enzyme.__root__): [Circular],
  Symbol(enzyme.__unrendered__): <Select
    label="My Select"
    name="MySelect"
    options={
      Array [
        Object {
          "label": "Opt1",
          "value": "opt1",
        },
        Object {
          "label": "Opt2",
          "value": "opt2",
        },
      ]
    }
  />,
  Symbol(enzyme.__renderer__): Object {
    "batchedUpdates": [Function],
    "getNode": [Function],
    "render": [Function],
    "simulateError": [Function],
    "simulateEvent": [Function],
    "unmount": [Function],
  },
  Symbol(enzyme.__node__): Object {
    "instance": null,
    "key": undefined,
    "nodeType": "function",
    "props": Object {
      "children": Array [
        <Label
          for="id_0"
          tag="label"
          widths={
            Array [
              "xs",
              "sm",
              "md",
              "lg",
              "xl",
            ]
          }
        >
          My Select
        </Label>,
        <StateManager
          defaultInputValue=""
          defaultMenuIsOpen={false}
          defaultValue={null}
          id="id_0"
          isSearchable={true}
          name="MySelect"
          onChange={null}
          options={
            Array [
              Object {
                "label": "Opt1",
                "value": "opt1",
              },
              Object {
                "label": "Opt2",
                "value": "opt2",
              },
            ]
          }
        />,
      ],
      "className": undefined,
      "tag": "div",
    },
    "ref": null,
    "rendered": Array [
      Object {
        "instance": null,
        "key": undefined,
        "nodeType": "function",
        "props": Object {
          "children": "My Select",
          "for": "id_0",
          "tag": "label",
          "widths": Array [
            "xs",
            "sm",
            "md",
            "lg",
            "xl",
          ],
        },
        "ref": null,
        "rendered": "My Select",
        "type": [Function],
      },
      Object {
        "instance": null,
        "key": undefined,
        "nodeType": "class",
        "props": Object {
          "defaultInputValue": "",
          "defaultMenuIsOpen": false,
          "defaultValue": null,
          "id": "id_0",
          "isSearchable": true,
          "name": "MySelect",
          "onChange": null,
          "options": Array [
            Object {
              "label": "Opt1",
              "value": "opt1",
            },
            Object {
              "label": "Opt2",
              "value": "opt2",
            },
          ],
          "value": undefined,
        },
        "ref": null,
        "rendered": null,
        "type": [Function],
      },
    ],
    "type": [Function],
  },
  Symbol(enzyme.__nodes__): Array [
    Object {
      "instance": null,
      "key": undefined,
      "nodeType": "function",
      "props": Object {
        "children": Array [
          <Label
            for="id_0"
            tag="label"
            widths={
              Array [
                "xs",
                "sm",
                "md",
                "lg",
                "xl",
              ]
            }
          >
            My Select
          </Label>,
          <StateManager
            defaultInputValue=""
            defaultMenuIsOpen={false}
            defaultValue={null}
            id="id_0"
            isSearchable={true}
            name="MySelect"
            onChange={null}
            options={
              Array [
                Object {
                  "label": "Opt1",
                  "value": "opt1",
                },
                Object {
                  "label": "Opt2",
                  "value": "opt2",
                },
              ]
            }
          />,
        ],
        "className": undefined,
        "tag": "div",
      },
      "ref": null,
      "rendered": Array [
        Object {
          "instance": null,
          "key": undefined,
          "nodeType": "function",
          "props": Object {
            "children": "My Select",
            "for": "id_0",
            "tag": "label",
            "widths": Array [
              "xs",
              "sm",
              "md",
              "lg",
              "xl",
            ],
          },
          "ref": null,
          "rendered": "My Select",
          "type": [Function],
        },
        Object {
          "instance": null,
          "key": undefined,
          "nodeType": "class",
          "props": Object {
            "defaultInputValue": "",
            "defaultMenuIsOpen": false,
            "defaultValue": null,
            "id": "id_0",
            "isSearchable": true,
            "name": "MySelect",
            "onChange": null,
            "options": Array [
              Object {
                "label": "Opt1",
                "value": "opt1",
              },
              Object {
                "label": "Opt2",
                "value": "opt2",
              },
            ],
            "value": undefined,
          },
          "ref": null,
          "rendered": null,
          "type": [Function],
        },
      ],
      "type": [Function],
    },
  ],
  Symbol(enzyme.__options__): Object {
    "adapter": ReactSixteenAdapter {
      "options": Object {
        "enableComponentDidUpdateOnSetState": true,
        "lifecycles": Object {
          "componentDidUpdate": Object {
            "onSetState": true,
          },
          "getDerivedStateFromProps": true,
          "getSnapshotBeforeUpdate": true,
          "setState": Object {
            "skipsComponentDidUpdateOnNullish": true,
          },
        },
      },
    },
  },
}
`;
