// Jest Snapshot v1, https://goo.gl/fbAQLP

exports[`VideoNavbar renders successfully 1`] = `
<VideoNavbar
  isScanning={false}
>
  <Navbar
    color="dark"
    dark={true}
    expand="md"
    tag="nav"
  >
    <nav
      className="navbar navbar-expand-md navbar-dark bg-dark"
    >
      <Container
        tag="div"
      >
        <div
          className="container"
        >
          <NavbarBrand
            disabled={false}
            tag={[Function]}
            to="/"
          >
            <Link
              className="navbar-brand"
              disabled={false}
              to="/"
            >
              Link
            </Link>
          </NavbarBrand>
          <NavbarToggler
            onClick={[Function]}
            tag="button"
            type="button"
          >
            <button
              className="navbar-toggler"
              onClick={[Function]}
              type="button"
            >
              <span
                className="navbar-toggler-icon"
              />
            </button>
          </NavbarToggler>
          <Collapse
            appear={false}
            enter={true}
            exit={true}
            in={false}
            isOpen={false}
            mountOnEnter={false}
            navbar={true}
            onEnter={[Function]}
            onEntered={[Function]}
            onEntering={[Function]}
            onExit={[Function]}
            onExited={[Function]}
            onExiting={[Function]}
            tag="div"
            timeout={350}
            unmountOnExit={false}
          >
            <Transition
              appear={false}
              enter={true}
              exit={true}
              in={false}
              mountOnEnter={false}
              onEnter={[Function]}
              onEntered={[Function]}
              onEntering={[Function]}
              onExit={[Function]}
              onExited={[Function]}
              onExiting={[Function]}
              timeout={350}
              unmountOnExit={false}
            >
              <div
                className="collapse navbar-collapse"
                style={Object {}}
              >
                <Nav
                  className="ml-auto"
                  navbar={true}
                  tag="ul"
                  vertical={false}
                >
                  <ul
                    className="ml-auto navbar-nav"
                  >
                    <NavItem
                      tag="li"
                    >
                      <li
                        className="nav-item"
                      >
                        <NavLink
                          id="manageFilters"
                          onClick={[Function]}
                          tag="a"
                        >
                          <a
                            className="nav-link"
                            id="manageFilters"
                            onClick={[Function]}
                          >
                            Manage Filters
                          </a>
                        </NavLink>
                      </li>
                    </NavItem>
                    <NavItem
                      tag="li"
                    >
                      <li
                        className="nav-item"
                      >
                        <NavLink
                          id="scanDirectory"
                          onClick={[Function]}
                          tag="a"
                        >
                          <a
                            className="nav-link"
                            id="scanDirectory"
                            onClick={[Function]}
                          >
                            Scan Directory
                          </a>
                        </NavLink>
                      </li>
                    </NavItem>
                  </ul>
                </Nav>
              </div>
            </Transition>
          </Collapse>
        </div>
      </Container>
    </nav>
  </Navbar>
</VideoNavbar>
`;
